// Jest Snapshot v1, https://goo.gl/fbAQLP

exports[`convertRgbToHex transform RGB format in HEX format (black) 1`] = `"#7f400f"`;

exports[`convertRgbToHex transform RGB format in HEX format (black) 2`] = `"#2f2f2f"`;

exports[`convertRgbToHex transform RGB format in HEX format (black) 3`] = `"#4d4d4d"`;

exports[`convertRgbToHex transform RGB format in HEX format 1`] = `"#ffffff"`;

exports[`convertRgbToHex transform RGB format in HEX format 2`] = `"#000000"`;
